Archive member included because of file (symbol)

board/samsung/smart210/libsmart210.o(lowlevel_init.o)
                              arch/arm/cpu/armv7/start.o (lowlevel_init)
board/samsung/smart210/libsmart210.o(mem_setup.o)
                              board/samsung/smart210/libsmart210.o(lowlevel_init.o) (mem_ctrl_asm_init)
/opt/FriendlyARM/toolschain/4.5.1/lib/gcc/arm-none-linux-gnueabi/4.5.1/libgcc.a(_udivsi3.o)
                              arch/arm/cpu/armv7/libarmv7.o (__aeabi_uidiv)
/opt/FriendlyARM/toolschain/4.5.1/lib/gcc/arm-none-linux-gnueabi/4.5.1/libgcc.a(_dvmd_lnx.o)
                              /opt/FriendlyARM/toolschain/4.5.1/lib/gcc/arm-none-linux-gnueabi/4.5.1/libgcc.a(_udivsi3.o) (__aeabi_idiv0)

Discarded input sections

 .data          0x00000000        0x0 arch/arm/cpu/armv7/start.o
 .bss           0x00000000        0x0 arch/arm/cpu/armv7/start.o
 .text          0x00000000        0x0 arch/arm/cpu/armv7/libarmv7.o
 .text.sdelay   0x00000000        0xc arch/arm/cpu/armv7/libarmv7.o
 .text.sr32     0x00000000       0x24 arch/arm/cpu/armv7/libarmv7.o
 .text.wait_on_value
                0x00000000       0x34 arch/arm/cpu/armv7/libarmv7.o
 .text.s3c_usb_init_phy
                0x00000000       0x40 arch/arm/cpu/armv7/libarmv7.o
 .text.s3c_usb_phy_off
                0x00000000       0x2c arch/arm/cpu/armv7/libarmv7.o
 .text.s3c_usb_core_soft_reset
                0x00000000       0x1c arch/arm/cpu/armv7/libarmv7.o
 .text.s3c_usb_wait_cable_insert
                0x00000000       0x4c arch/arm/cpu/armv7/libarmv7.o
 .text.s3c_usb_init_core
                0x00000000       0x1c arch/arm/cpu/armv7/libarmv7.o
 .text.s3c_usb_check_current_mode
                0x00000000       0x14 arch/arm/cpu/armv7/libarmv7.o
 .text.s3c_usb_set_soft_disconnect
                0x00000000       0x14 arch/arm/cpu/armv7/libarmv7.o
 .text.s3c_usb_clear_soft_disconnect
                0x00000000       0x14 arch/arm/cpu/armv7/libarmv7.o
 .text.s3c_usb_init_device
                0x00000000       0x28 arch/arm/cpu/armv7/libarmv7.o
 .text.s3c_usbctl_init
                0x00000000       0x8c arch/arm/cpu/armv7/libarmv7.o
 .text.s3c_usbc_activate
                0x00000000        0x8 arch/arm/cpu/armv7/libarmv7.o
 .text.s3c_usb_stop
                0x00000000       0x14 arch/arm/cpu/armv7/libarmv7.o
 .text.s3c_usb_print_pkt
                0x00000000       0x4c arch/arm/cpu/armv7/libarmv7.o
 .text.s3c_usb_verify_checksum
                0x00000000       0xa8 arch/arm/cpu/armv7/libarmv7.o
 .text.s3c_usb_set_inep_xfersize
                0x00000000       0x34 arch/arm/cpu/armv7/libarmv7.o
 .text.s3c_usb_set_outep_xfersize
                0x00000000       0x34 arch/arm/cpu/armv7/libarmv7.o
 .text.s3c_usb_write_ep0_fifo
                0x00000000       0x4c arch/arm/cpu/armv7/libarmv7.o
 .text.s3c_usb_write_in_fifo
                0x00000000       0x4c arch/arm/cpu/armv7/libarmv7.o
 .text.s3c_usb_read_out_fifo
                0x00000000       0x48 arch/arm/cpu/armv7/libarmv7.o
 .text.s3c_usb_get_desc
                0x00000000      0x110 arch/arm/cpu/armv7/libarmv7.o
 .text.s3c_usb_clear_feature
                0x00000000       0x88 arch/arm/cpu/armv7/libarmv7.o
 .text.s3c_usb_set_feature
                0x00000000      0x170 arch/arm/cpu/armv7/libarmv7.o
 .text.s3c_usb_get_status
                0x00000000       0x8c arch/arm/cpu/armv7/libarmv7.o
 .text.s3c_usb_ep0_int_hndlr
                0x00000000      0x180 arch/arm/cpu/armv7/libarmv7.o
 .text.s3c_usb_set_otherspeed_conf_desc
                0x00000000       0xf4 arch/arm/cpu/armv7/libarmv7.o
 .text.s3c_usb_transfer_ep0
                0x00000000      0x954 arch/arm/cpu/armv7/libarmv7.o
 .text.s3c_usb_int_bulkin
                0x00000000       0xc8 arch/arm/cpu/armv7/libarmv7.o
 .text.s3c_usb_upload_start
                0x00000000      0x168 arch/arm/cpu/armv7/libarmv7.o
 .text.s3c_usb_download_start
                0x00000000      0x15c arch/arm/cpu/armv7/libarmv7.o
 .text.s3c_usb_download_continue
                0x00000000      0x11c arch/arm/cpu/armv7/libarmv7.o
 .text.s3c_usb_int_bulkout
                0x00000000       0x28 arch/arm/cpu/armv7/libarmv7.o
 .text.s3c_usb_dma_in_done
                0x00000000       0xa0 arch/arm/cpu/armv7/libarmv7.o
 .text.s3c_usb_dma_out_done
                0x00000000       0xac arch/arm/cpu/armv7/libarmv7.o
 .text.s3c_usb_set_all_outep_nak
                0x00000000       0x28 arch/arm/cpu/armv7/libarmv7.o
 .text.s3c_usb_clear_all_outep_nak
                0x00000000       0x28 arch/arm/cpu/armv7/libarmv7.o
 .text.s3c_usb_set_max_pktsize
                0x00000000       0x3c arch/arm/cpu/armv7/libarmv7.o
 .text.s3c_usb_set_endpoint
                0x00000000       0x4c arch/arm/cpu/armv7/libarmv7.o
 .text.s3c_usb_set_descriptors
                0x00000000      0x154 arch/arm/cpu/armv7/libarmv7.o
 .text.s3c_usb_check_speed
                0x00000000       0x18 arch/arm/cpu/armv7/libarmv7.o
 .text.s3c_usb_clear_dnfile_info
                0x00000000       0x1c arch/arm/cpu/armv7/libarmv7.o
 .text.s3c_usb_clear_upfile_info
                0x00000000       0x1c arch/arm/cpu/armv7/libarmv7.o
 .text.s3c_usb_check_setconf
                0x00000000       0x18 arch/arm/cpu/armv7/libarmv7.o
 .text.s3c_usb_set_opmode
                0x00000000       0x6c arch/arm/cpu/armv7/libarmv7.o
 .text.s3c_usb_reset
                0x00000000       0x5c arch/arm/cpu/armv7/libarmv7.o
 .text.s3c_usb_set_init
                0x00000000       0x5c arch/arm/cpu/armv7/libarmv7.o
 .text.s3c_usb_pkt_receive
                0x00000000       0x80 arch/arm/cpu/armv7/libarmv7.o
 .text.s3c_usb_transfer
                0x00000000       0xf0 arch/arm/cpu/armv7/libarmv7.o
 .text.s3c_udc_int_hndlr
                0x00000000       0xa4 arch/arm/cpu/armv7/libarmv7.o
 .rodata.qualifier_desc
                0x00000000        0xc arch/arm/cpu/armv7/libarmv7.o
 .rodata.config_full_total
                0x00000000       0x20 arch/arm/cpu/armv7/libarmv7.o
 .rodata.config_high
                0x00000000        0xc arch/arm/cpu/armv7/libarmv7.o
 .rodata.str1.1
                0x00000000      0x193 arch/arm/cpu/armv7/libarmv7.o
 .rodata.string_desc0
                0x00000000        0x4 arch/arm/cpu/armv7/libarmv7.o
 .rodata.string_desc1
                0x00000000       0x28 arch/arm/cpu/armv7/libarmv7.o
 .rodata.string_desc2
                0x00000000       0x2c arch/arm/cpu/armv7/libarmv7.o
 .rodata.config_high_total
                0x00000000       0x20 arch/arm/cpu/armv7/libarmv7.o
 .rodata.config_full
                0x00000000        0xc arch/arm/cpu/armv7/libarmv7.o
 .data          0x00000000        0x0 arch/arm/cpu/armv7/libarmv7.o
 .data.test_pkt
                0x00000000       0x38 arch/arm/cpu/armv7/libarmv7.o
 .bss           0x00000000        0x0 arch/arm/cpu/armv7/libarmv7.o
 .bss.s3c_got_header
                0x00000000        0x4 arch/arm/cpu/armv7/libarmv7.o
 .bss.DNW       0x00000000        0x4 arch/arm/cpu/armv7/libarmv7.o
 .bss.otg       0x00000000       0x84 arch/arm/cpu/armv7/libarmv7.o
 .bss.config_value
                0x00000000        0x2 arch/arm/cpu/armv7/libarmv7.o
 .bss.get_status
                0x00000000        0x8 arch/arm/cpu/armv7/libarmv7.o
 .bss.s3c_usbd_dn_cnt
                0x00000000        0x4 arch/arm/cpu/armv7/libarmv7.o
 .bss.s3c_receive_done
                0x00000000        0x4 arch/arm/cpu/armv7/libarmv7.o
 .bss.op_mode   0x00000000        0x4 arch/arm/cpu/armv7/libarmv7.o
 .bss.s3c_usbd_dn_addr
                0x00000000        0x4 arch/arm/cpu/armv7/libarmv7.o
 .bss.remode_wakeup
                0x00000000        0x4 arch/arm/cpu/armv7/libarmv7.o
 .bss.get_intf  0x00000000        0x4 arch/arm/cpu/armv7/libarmv7.o
 .bss.speed     0x00000000        0x4 arch/arm/cpu/armv7/libarmv7.o
 .text          0x00000000       0x7c arch/arm/cpu/armv7/s5pc1xx/libs5pc1xx.o
 .text.samsung_get_base_clock
                0x00000000       0x3c arch/arm/cpu/armv7/s5pc1xx/libs5pc1xx.o
 .text.get_pll_clk
                0x00000000      0x144 arch/arm/cpu/armv7/s5pc1xx/libs5pc1xx.o
 .text.s5pc100_get_pclk
                0x00000000       0x38 arch/arm/cpu/armv7/s5pc1xx/libs5pc1xx.o
 .text.s5pc110_get_pclk
                0x00000000       0x40 arch/arm/cpu/armv7/s5pc1xx/libs5pc1xx.o
 .text.get_arm_clk
                0x00000000       0x70 arch/arm/cpu/armv7/s5pc1xx/libs5pc1xx.o
 .text.get_pwm_clk
                0x00000000       0x24 arch/arm/cpu/armv7/s5pc1xx/libs5pc1xx.o
 .text.get_uart_clk
                0x00000000       0x24 arch/arm/cpu/armv7/s5pc1xx/libs5pc1xx.o
 .text.set_mmc_clk
                0x00000000        0x4 arch/arm/cpu/armv7/s5pc1xx/libs5pc1xx.o
 .text.copy_uboot_to_ram_nand
                0x00000000      0x11c arch/arm/cpu/armv7/s5pc1xx/libs5pc1xx.o
 .rodata.str1.1
                0x00000000       0x16 arch/arm/cpu/armv7/s5pc1xx/libs5pc1xx.o
 .data          0x00000000        0x0 arch/arm/cpu/armv7/s5pc1xx/libs5pc1xx.o
 .bss           0x00000000        0x0 arch/arm/cpu/armv7/s5pc1xx/libs5pc1xx.o
 .data          0x00000000        0x0 board/samsung/smart210/libsmart210.o(lowlevel_init.o)
 .bss           0x00000000        0x0 board/samsung/smart210/libsmart210.o(lowlevel_init.o)
 .data          0x00000000        0x0 board/samsung/smart210/libsmart210.o(mem_setup.o)
 .bss           0x00000000        0x0 board/samsung/smart210/libsmart210.o(mem_setup.o)
 .text          0x00000000        0x0 /home/beta/uboot_smart210/obj/spl/arch/arm/lib/eabi_compat.o
 .data          0x00000000        0x0 /home/beta/uboot_smart210/obj/spl/arch/arm/lib/eabi_compat.o
 .bss           0x00000000        0x0 /home/beta/uboot_smart210/obj/spl/arch/arm/lib/eabi_compat.o
 .text.raise    0x00000000       0x5c /home/beta/uboot_smart210/obj/spl/arch/arm/lib/eabi_compat.o
 .text.__aeabi_unwind_cpp_pr0
                0x00000000        0x4 /home/beta/uboot_smart210/obj/spl/arch/arm/lib/eabi_compat.o
 .rodata.str1.1
                0x00000000       0x75 /home/beta/uboot_smart210/obj/spl/arch/arm/lib/eabi_compat.o
 .text          0x00000000      0x20c /opt/FriendlyARM/toolschain/4.5.1/lib/gcc/arm-none-linux-gnueabi/4.5.1/libgcc.a(_udivsi3.o)
 .data          0x00000000        0x0 /opt/FriendlyARM/toolschain/4.5.1/lib/gcc/arm-none-linux-gnueabi/4.5.1/libgcc.a(_udivsi3.o)
 .bss           0x00000000        0x0 /opt/FriendlyARM/toolschain/4.5.1/lib/gcc/arm-none-linux-gnueabi/4.5.1/libgcc.a(_udivsi3.o)
 .text          0x00000000       0x10 /opt/FriendlyARM/toolschain/4.5.1/lib/gcc/arm-none-linux-gnueabi/4.5.1/libgcc.a(_dvmd_lnx.o)
 .data          0x00000000        0x0 /opt/FriendlyARM/toolschain/4.5.1/lib/gcc/arm-none-linux-gnueabi/4.5.1/libgcc.a(_dvmd_lnx.o)
 .bss           0x00000000        0x0 /opt/FriendlyARM/toolschain/4.5.1/lib/gcc/arm-none-linux-gnueabi/4.5.1/libgcc.a(_dvmd_lnx.o)

Memory Configuration

Name             Origin             Length             Attributes
*default*        0x00000000         0xffffffff

Linker script and memory map

                0x00000000                . = 0x0
                0x00000000                . = ALIGN (0x4)

.text           0x00000000      0xb80
 arch/arm/cpu/armv7/start.o(.text)
 .text          0x00000000      0x1e0 arch/arm/cpu/armv7/start.o
                0x00000000                _start
                0x00000040                _end_vect
                0x00000040                _TEXT_BASE
                0x00000044                _bss_start_ofs
                0x00000048                _image_copy_end_ofs
                0x0000004c                _bss_end_ofs
                0x00000050                _end_ofs
                0x00000054                IRQ_STACK_START_IN
                0x00000100                relocate_code
 *(.text)
 .text          0x000001e0      0x42c board/samsung/smart210/libsmart210.o(lowlevel_init.o)
                0x000001e4                lowlevel_init
 *fill*         0x0000060c       0x14 00
 .text          0x00000620      0x560 board/samsung/smart210/libsmart210.o(mem_setup.o)
                0x00000620                mem_ctrl_asm_init
                0x00000998                cleanDCache
                0x000009a4                cleanFlushDCache
                0x000009b0                cleanFlushCache
                0x00000a40                v7_flush_dcache_all
                0x00000ae0                disable_l2cache
                0x00000b00                enable_l2cache
                0x00000b20                set_l2cache_auxctrl
                0x00000b40                set_l2cache_auxctrl_cycle

.glue_7         0x00000b80        0x0
 .glue_7        0x00000000        0x0 linker stubs

.glue_7t        0x00000b80        0x0
 .glue_7t       0x00000000        0x0 linker stubs

.vfp11_veneer   0x00000b80        0x0
 .vfp11_veneer  0x00000000        0x0 linker stubs

.v4_bx          0x00000b80        0x0
 .v4_bx         0x00000000        0x0 linker stubs

.text.copy_uboot_to_ram
                0x00000b80       0x64
 .text.copy_uboot_to_ram
                0x00000b80       0x64 arch/arm/cpu/armv7/s5pc1xx/libs5pc1xx.o
                0x00000b80                copy_uboot_to_ram

.text.board_init_f
                0x00000be4       0x14
 .text.board_init_f
                0x00000be4       0x14 arch/arm/cpu/armv7/s5pc1xx/libs5pc1xx.o
                0x00000be4                board_init_f

.text.board_init_r
                0x00000bf8        0x4
 .text.board_init_r
                0x00000bf8        0x4 arch/arm/cpu/armv7/s5pc1xx/libs5pc1xx.o
                0x00000bf8                board_init_r

.text.save_boot_params
                0x00000bfc        0x4
 .text.save_boot_params
                0x00000bfc        0x4 arch/arm/cpu/armv7/s5pc1xx/libs5pc1xx.o
                0x00000bfc                save_boot_params

.text.board_init_f_nand
                0x00000c00        0x4
 .text.board_init_f_nand
                0x00000c00        0x4 arch/arm/cpu/armv7/s5pc1xx/libs5pc1xx.o
                0x00000c00                board_init_f_nand
                0x00000c04                . = ALIGN (0x4)

.rodata
 *(SORT(.rodata*))
                0x00000c04                . = ALIGN (0x4)

.data
 *(.data)
                0x00000c04                . = ALIGN (0x4)
                0x00000c04                . = .
                0x00000c04                __u_boot_cmd_start = .

.u_boot_cmd
 *(.u_boot_cmd)
                0x00000c04                __u_boot_cmd_end = .
                0x00000c04                . = ALIGN (0x4)
                0x00000c04                __image_copy_end = .

.rel.dyn        0x00000c04        0x0
                0x00000c04                __rel_dyn_start = .
 *(.rel*)
                0x00000c04                __rel_dyn_end = .

.dynsym         0x00000c04        0x0
                0x00000c04                __dynsym_start = .
 *(.dynsym)
                0x00000c04                _end = .

.bss            0x00000c04        0x0
                0x00000c04                __bss_start = .
 *(.bss)
                0x00000c04                . = ALIGN (0x4)
                0x00000c04                __bss_end__ = .

/DISCARD/
 *(.dynstr*)
 *(.dynamic*)
 *(.plt*)
 *(.interp*)
 *(.gnu*)
LOAD arch/arm/cpu/armv7/start.o
START GROUP
LOAD arch/arm/cpu/armv7/libarmv7.o
LOAD arch/arm/cpu/armv7/s5pc1xx/libs5pc1xx.o
LOAD arch/arm/lib/libarm.o
LOAD board/samsung/smart210/libsmart210.o
END GROUP
LOAD /home/beta/uboot_smart210/obj/spl/arch/arm/lib/eabi_compat.o
LOAD /opt/FriendlyARM/toolschain/4.5.1/lib/gcc/arm-none-linux-gnueabi/4.5.1/libgcc.a
OUTPUT(u-boot-spl elf32-littlearm)

.ARM.attributes
                0x00000000       0x32
 .ARM.attributes
                0x00000000       0x19 arch/arm/cpu/armv7/start.o
 .ARM.attributes
                0x00000019       0x29 arch/arm/cpu/armv7/libarmv7.o
 .ARM.attributes
                0x00000042       0x29 arch/arm/cpu/armv7/s5pc1xx/libs5pc1xx.o
 .ARM.attributes
                0x0000006b       0x19 board/samsung/smart210/libsmart210.o(lowlevel_init.o)
 .ARM.attributes
                0x00000084       0x19 board/samsung/smart210/libsmart210.o(mem_setup.o)
 .ARM.attributes
                0x0000009d       0x29 /home/beta/uboot_smart210/obj/spl/arch/arm/lib/eabi_compat.o
 .ARM.attributes
                0x000000c6       0x28 /opt/FriendlyARM/toolschain/4.5.1/lib/gcc/arm-none-linux-gnueabi/4.5.1/libgcc.a(_udivsi3.o)
 .ARM.attributes
                0x000000ee       0x28 /opt/FriendlyARM/toolschain/4.5.1/lib/gcc/arm-none-linux-gnueabi/4.5.1/libgcc.a(_dvmd_lnx.o)

.note.GNU-stack
                0x00000000        0x0
 .note.GNU-stack
                0x00000000        0x0 arch/arm/cpu/armv7/libarmv7.o
 .note.GNU-stack
                0x00000000        0x0 arch/arm/cpu/armv7/s5pc1xx/libs5pc1xx.o
 .note.GNU-stack
                0x00000000        0x0 /home/beta/uboot_smart210/obj/spl/arch/arm/lib/eabi_compat.o
 .note.GNU-stack
                0x00000000        0x0 /opt/FriendlyARM/toolschain/4.5.1/lib/gcc/arm-none-linux-gnueabi/4.5.1/libgcc.a(_udivsi3.o)
 .note.GNU-stack
                0x00000000        0x0 /opt/FriendlyARM/toolschain/4.5.1/lib/gcc/arm-none-linux-gnueabi/4.5.1/libgcc.a(_dvmd_lnx.o)

.comment        0x00000000       0x1b
 .comment       0x00000000       0x1b arch/arm/cpu/armv7/libarmv7.o
                                 0x38 (size before relaxing)
 .comment       0x00000000       0x54 arch/arm/cpu/armv7/s5pc1xx/libs5pc1xx.o
 .comment       0x00000000       0x1c /home/beta/uboot_smart210/obj/spl/arch/arm/lib/eabi_compat.o

.debug_line     0x00000000     0x139a
 .debug_line    0x00000000       0xa7 arch/arm/cpu/armv7/start.o
 .debug_line    0x000000a7      0x9a5 arch/arm/cpu/armv7/libarmv7.o
 .debug_line    0x00000a4c      0x511 arch/arm/cpu/armv7/s5pc1xx/libs5pc1xx.o
 .debug_line    0x00000f5d      0x12e board/samsung/smart210/libsmart210.o(lowlevel_init.o)
 .debug_line    0x0000108b      0x15f board/samsung/smart210/libsmart210.o(mem_setup.o)
 .debug_line    0x000011ea       0x91 /home/beta/uboot_smart210/obj/spl/arch/arm/lib/eabi_compat.o
 .debug_line    0x0000127b       0x9e /opt/FriendlyARM/toolschain/4.5.1/lib/gcc/arm-none-linux-gnueabi/4.5.1/libgcc.a(_udivsi3.o)
 .debug_line    0x00001319       0x81 /opt/FriendlyARM/toolschain/4.5.1/lib/gcc/arm-none-linux-gnueabi/4.5.1/libgcc.a(_dvmd_lnx.o)

.debug_info     0x00000000     0x40a9
 .debug_info    0x00000000       0x5d arch/arm/cpu/armv7/start.o
 .debug_info    0x0000005d     0x28c2 arch/arm/cpu/armv7/libarmv7.o
 .debug_info    0x0000291f     0x1450 arch/arm/cpu/armv7/s5pc1xx/libs5pc1xx.o
 .debug_info    0x00003d6f       0x69 board/samsung/smart210/libsmart210.o(lowlevel_init.o)
 .debug_info    0x00003dd8       0x65 board/samsung/smart210/libsmart210.o(mem_setup.o)
 .debug_info    0x00003e3d       0xd2 /home/beta/uboot_smart210/obj/spl/arch/arm/lib/eabi_compat.o
 .debug_info    0x00003f0f       0xcd /opt/FriendlyARM/toolschain/4.5.1/lib/gcc/arm-none-linux-gnueabi/4.5.1/libgcc.a(_udivsi3.o)
 .debug_info    0x00003fdc       0xcd /opt/FriendlyARM/toolschain/4.5.1/lib/gcc/arm-none-linux-gnueabi/4.5.1/libgcc.a(_dvmd_lnx.o)

.debug_abbrev   0x00000000      0xa4a
 .debug_abbrev  0x00000000       0x14 arch/arm/cpu/armv7/start.o
 .debug_abbrev  0x00000014      0x402 arch/arm/cpu/armv7/libarmv7.o
 .debug_abbrev  0x00000416      0x56a arch/arm/cpu/armv7/s5pc1xx/libs5pc1xx.o
 .debug_abbrev  0x00000980       0x14 board/samsung/smart210/libsmart210.o(lowlevel_init.o)
 .debug_abbrev  0x00000994       0x14 board/samsung/smart210/libsmart210.o(mem_setup.o)
 .debug_abbrev  0x000009a8       0x7a /home/beta/uboot_smart210/obj/spl/arch/arm/lib/eabi_compat.o
 .debug_abbrev  0x00000a22       0x14 /opt/FriendlyARM/toolschain/4.5.1/lib/gcc/arm-none-linux-gnueabi/4.5.1/libgcc.a(_udivsi3.o)
 .debug_abbrev  0x00000a36       0x14 /opt/FriendlyARM/toolschain/4.5.1/lib/gcc/arm-none-linux-gnueabi/4.5.1/libgcc.a(_dvmd_lnx.o)

.debug_aranges  0x00000000      0x388
 .debug_aranges
                0x00000000       0x20 arch/arm/cpu/armv7/start.o
 .debug_aranges
                0x00000020      0x1c8 arch/arm/cpu/armv7/libarmv7.o
 .debug_aranges
                0x000001e8       0xf8 arch/arm/cpu/armv7/s5pc1xx/libs5pc1xx.o
 .debug_aranges
                0x000002e0       0x20 board/samsung/smart210/libsmart210.o(lowlevel_init.o)
 .debug_aranges
                0x00000300       0x20 board/samsung/smart210/libsmart210.o(mem_setup.o)
 .debug_aranges
                0x00000320       0x28 /home/beta/uboot_smart210/obj/spl/arch/arm/lib/eabi_compat.o
 .debug_aranges
                0x00000348       0x20 /opt/FriendlyARM/toolschain/4.5.1/lib/gcc/arm-none-linux-gnueabi/4.5.1/libgcc.a(_udivsi3.o)
 .debug_aranges
                0x00000368       0x20 /opt/FriendlyARM/toolschain/4.5.1/lib/gcc/arm-none-linux-gnueabi/4.5.1/libgcc.a(_dvmd_lnx.o)

.debug_pubnames
                0x00000000      0x7ac
 .debug_pubnames
                0x00000000      0x670 arch/arm/cpu/armv7/libarmv7.o
 .debug_pubnames
                0x00000670      0x105 arch/arm/cpu/armv7/s5pc1xx/libs5pc1xx.o
 .debug_pubnames
                0x00000775       0x37 /home/beta/uboot_smart210/obj/spl/arch/arm/lib/eabi_compat.o

.debug_frame    0x00000000      0x638
 .debug_frame   0x00000000      0x478 arch/arm/cpu/armv7/libarmv7.o
 .debug_frame   0x00000478      0x164 arch/arm/cpu/armv7/s5pc1xx/libs5pc1xx.o
 .debug_frame   0x000005dc       0x3c /home/beta/uboot_smart210/obj/spl/arch/arm/lib/eabi_compat.o
 .debug_frame   0x00000618       0x20 /opt/FriendlyARM/toolschain/4.5.1/lib/gcc/arm-none-linux-gnueabi/4.5.1/libgcc.a(_udivsi3.o)

.debug_str      0x00000000     0x16ab
 .debug_str     0x00000000     0x1137 arch/arm/cpu/armv7/libarmv7.o
                               0x12c5 (size before relaxing)
 .debug_str     0x00001137      0x51b arch/arm/cpu/armv7/s5pc1xx/libs5pc1xx.o
                                0x7e4 (size before relaxing)
 .debug_str     0x00001652       0x59 /home/beta/uboot_smart210/obj/spl/arch/arm/lib/eabi_compat.o
                                 0xf9 (size before relaxing)

.debug_loc      0x00000000     0x1f93
 .debug_loc     0x00000000     0x169a arch/arm/cpu/armv7/libarmv7.o
 .debug_loc     0x0000169a      0x8bb arch/arm/cpu/armv7/s5pc1xx/libs5pc1xx.o
 .debug_loc     0x00001f55       0x3e /home/beta/uboot_smart210/obj/spl/arch/arm/lib/eabi_compat.o

.debug_pubtypes
                0x00000000      0x2c0
 .debug_pubtypes
                0x00000000      0x19f arch/arm/cpu/armv7/libarmv7.o
 .debug_pubtypes
                0x0000019f      0x10f arch/arm/cpu/armv7/s5pc1xx/libs5pc1xx.o
 .debug_pubtypes
                0x000002ae       0x12 /home/beta/uboot_smart210/obj/spl/arch/arm/lib/eabi_compat.o

.debug_ranges   0x00000000      0x620
 .debug_ranges  0x00000000      0x418 arch/arm/cpu/armv7/libarmv7.o
 .debug_ranges  0x00000418      0x1f0 arch/arm/cpu/armv7/s5pc1xx/libs5pc1xx.o
 .debug_ranges  0x00000608       0x18 /home/beta/uboot_smart210/obj/spl/arch/arm/lib/eabi_compat.o
